// Jest Snapshot v1, https://goo.gl/fbAQLP

exports[`agent-lido-report e2e tests should process tx with Lido rebase digest 1`] = `
Finding {
  "addresses": [],
  "alertId": "LIDO-REPORT-REBASE-DIGEST",
  "description": "*APR stats*
APR: 5.26%
Total shares: 5,644,434.78 (+38326.90) × 1e18
Total pooled ether: 6,348,106.24 (+44013.44) ETH
Time elapsed: 24 hrs 0 sec

*Rewards*
CL rewards: 623.37 (+0.25) ETH
EL rewards: 392.92 (+51.69) ETH
Total: 1,016.29 (+51.94) ETH

*Validators*
Count: 196087 (0 newly appeared)

*Withdrawn from vaults*
Withdrawal Vault: 756.29 ETH
EL Vault: 392.92 ETH

*Requests finalization*
Finalized: 42 (1,936.70 ETH)
Pending: 13 (43.68 stETH)
Share rate: 1.12467
Used buffer: 787.49 ETH

*Shares*
Burnt: 1,722.27 × 1e18",
  "labels": [],
  "metadata": {
    "apr": "5.26",
    "clRewards": "623.37",
    "clRewardsDiff": "+0.25",
    "clRewardsDiffPercent": "+0.04",
    "clValidatorsDiff": "0",
    "elRewards": "392.92",
    "elRewardsDiff": "+51.69",
    "elRewardsDiffPercent": "+15.15",
    "elWithdrawn": "392.92",
    "etherDiff": "+44,013.44",
    "finalizationBufferUsed": "787.49",
    "finalizationShareRate": "1.12467",
    "finalizedEth": "1,936.70",
    "finalizedRequestsCount": "42",
    "nonFinalizedRequestsAmount": "43.68",
    "nonFinalizedRequestsCount": "13",
    "postCLValidators": "196,087",
    "postTotalEther": "6,348,106.24",
    "postTotalShares": "5,644,434.78",
    "preTotalEther": "6,349,026.64",
    "preTotalShares": "5,646,066.68",
    "sharesBurnt": "1,722.27",
    "sharesDiff": "+38,326.90",
    "timeElapsed": "86400",
    "totalRewards": "1,016.29",
    "totalRewardsDiff": "+51.94",
    "totalRewardsDiffPercent": "+5.39",
    "wdWithdrawn": "756.29",
  },
  "name": "ℹ️ Lido Report: rebase digest",
  "protocol": "ethereum",
  "severity": 1,
  "source": {},
  "timestamp": 2023-12-31T00:00:00.000Z,
  "type": 4,
  "uniqueKey": "",
}
`;
