// Jest Snapshot v1, https://goo.gl/fbAQLP

exports[`agent-dwstETH e2e tests should process block with high amount of dwstETH minted 1`] = `
Finding {
  "addresses": [],
  "alertId": "HIGH-DWSTETH-MINTS-SUM",
  "description": "There were 4357226.75 dwstETH minted during the last 1 hour(s)",
  "labels": [],
  "metadata": {},
  "name": "😱 High amount of dwstETH minted",
  "protocol": "ethereum",
  "severity": 1,
  "source": {},
  "type": 2,
  "uniqueKey": "",
}
`;
