// Jest Snapshot v1, https://goo.gl/fbAQLP

exports[`agent-vaults e2e tests should process block with high EL vault balance difference 1`] = `
[
  Finding {
    "addresses": [],
    "alertId": "EL-VAULT-BALANCE-CHANGE",
    "description": "EL Vault Balance has increased by 112.665 ETH",
    "labels": [],
    "metadata": {},
    "name": "💵 EL Vault Balance significant change",
    "protocol": "ethereum",
    "severity": 1,
    "source": {},
    "type": 4,
    "uniqueKey": "",
  },
]
`;
