// Jest Snapshot v1, https://goo.gl/fbAQLP

exports[`agent-proxy-watcher e2e tests should process block with changed proxy implementation 1`] = `
[
  Finding {
    "addresses": [],
    "alertId": "PROXY-IMPL-CHANGED",
    "description": "Implementation of Anchor Protocol: AnchorVault ([0xa2f987a546d4cd1c607ee8141276876c26b72bdf](https://etherscan.io/address/0xa2f987a546d4cd1c607ee8141276876c26b72bdf)) changed from [0x07BE9BB2B1789b8F5B2f9345F18378A8B036A171](https://etherscan.io/address/0x07BE9BB2B1789b8F5B2f9345F18378A8B036A171) to [0x9530708033E7262bD7c005d0e0D47D8A9184277d](https://etherscan.io/address/0x9530708033E7262bD7c005d0e0D47D8A9184277d)",
    "labels": [],
    "metadata": {},
    "name": "🚨 Proxy implementation changed",
    "protocol": "ethereum",
    "severity": 5,
    "source": {},
    "type": 4,
    "uniqueKey": "",
  },
]
`;
