// Jest Snapshot v1, https://goo.gl/fbAQLP

exports[`treasury-swap e2e tests should find 0 in 31+ after testflight 1`] = `[]`;

exports[`treasury-swap e2e tests should find 0 in 120+ after testflight 1`] = `[]`;

exports[`treasury-swap e2e tests should find 0 stonks in 30+ after testflight 1`] = `[]`;

exports[`treasury-swap e2e tests should find 0 testflight stonks at creation block 1`] = `[]`;

exports[`treasury-swap e2e tests should find 0 testflight stonks at next after creation block 1`] = `[]`;

exports[`treasury-swap e2e tests should find 1 testflight stonks at creation block 1`] = `
[
  Finding {
    "addresses": [],
    "alertId": "STONKS-ORDER-FULFILL",
    "description": "Stonks order [0x0D4d93c171452D8c58e7a8Cc2D70045eBf3D293c](https://etherscan.io/address/0x0D4d93c171452D8c58e7a8Cc2D70045eBf3D293c) was fulfill",
    "labels": [],
    "metadata": {
      "args": "?",
    },
    "name": "✅ Stonks: order fulfill",
    "protocol": "ethereum",
    "severity": 1,
    "source": {},
    "timestamp": 2023-12-31T00:00:00.000Z,
    "type": 4,
    "uniqueKey": "",
  },
]
`;

exports[`treasury-swap e2e tests should find 1 testflight stonks at next after creation block 1`] = `
[
  Finding {
    "addresses": [],
    "alertId": "STONKS-ORDER-FULFILL",
    "description": "Stonks order [0x0D4d93c171452D8c58e7a8Cc2D70045eBf3D293c](https://etherscan.io/address/0x0D4d93c171452D8c58e7a8Cc2D70045eBf3D293c) was fulfill",
    "labels": [],
    "metadata": {
      "args": "?",
    },
    "name": "✅ Stonks: order fulfill",
    "protocol": "ethereum",
    "severity": 1,
    "source": {},
    "timestamp": 2023-12-31T00:00:00.000Z,
    "type": 4,
    "uniqueKey": "",
  },
]
`;
